2026-04-17 15:12:31,487 INFO    MainThread:33272 [wandb_setup.py:_flush():81] Current SDK version is 0.26.0
2026-04-17 15:12:31,487 INFO    MainThread:33272 [wandb_setup.py:_flush():81] Configure stats pid to 33272
2026-04-17 15:12:31,487 INFO    MainThread:33272 [wandb_setup.py:_flush():81] Loading settings from environment variables
2026-04-17 15:12:31,487 INFO    MainThread:33272 [wandb_init.py:setup_run_log_directory():721] Logging user logs to /root/autodl-tmp/wandb/wandb/offline-run-20260417_151231-df6ctwwe/logs/debug.log
2026-04-17 15:12:31,487 INFO    MainThread:33272 [wandb_init.py:setup_run_log_directory():722] Logging internal logs to /root/autodl-tmp/wandb/wandb/offline-run-20260417_151231-df6ctwwe/logs/debug-internal.log
2026-04-17 15:12:31,487 INFO    MainThread:33272 [wandb_init.py:init():848] calling init triggers
2026-04-17 15:12:31,487 INFO    MainThread:33272 [wandb_init.py:init():853] wandb.init called with sweep_config: {}
config: {'_wandb': {}}
2026-04-17 15:12:31,487 INFO    MainThread:33272 [wandb_init.py:init():896] starting backend
2026-04-17 15:12:31,736 INFO    MainThread:33272 [wandb_init.py:init():911] sending inform_init request
2026-04-17 15:12:31,744 INFO    MainThread:33272 [wandb_init.py:init():919] backend started and connected
2026-04-17 15:12:31,745 INFO    MainThread:33272 [wandb_init.py:init():989] updated telemetry
2026-04-17 15:12:31,749 INFO    MainThread:33272 [wandb_init.py:init():1013] communicating run to backend with 90.0 second timeout
2026-04-17 15:12:31,884 INFO    MainThread:33272 [wandb_init.py:init():1058] starting run threads in backend
2026-04-17 15:12:31,943 INFO    MainThread:33272 [wandb_run.py:_console_start():2542] atexit reg
2026-04-17 15:12:31,943 INFO    MainThread:33272 [wandb_run.py:_redirect():2391] redirect: wrap_raw
2026-04-17 15:12:31,943 INFO    MainThread:33272 [wandb_run.py:_redirect():2460] Wrapping output streams.
2026-04-17 15:12:31,943 INFO    MainThread:33272 [wandb_run.py:_redirect():2483] Redirects installed.
2026-04-17 15:12:31,944 INFO    MainThread:33272 [wandb_init.py:init():1098] run started, returning control to user process
2026-04-17 15:12:31,945 INFO    MainThread:33272 [wandb_run.py:_config_callback():1403] config_cb None None {'allow_tf32': True, 'logdir': '/root/autodl-tmp/ddpo-pytorch-logs', 'mixed_precision': 'fp16', 'num_checkpoint_limit': 5, 'num_epochs': 20, 'per_prompt_stat_tracking': {'buffer_size': 16, 'min_count': 16}, 'pretrained': {'model': 'runwayml/stable-diffusion-v1-5', 'revision': 'main'}, 'prompt_fn': 'imagenet_animals', 'prompt_fn_kwargs': {}, 'resume_from': '', 'reward_fn': 'jpeg_compressibility', 'run_name': 'jpeg_4090_2026.04.17_15.12.31', 'sample': {'batch_size': 1, 'eta': 1.0, 'guidance_scale': 5.0, 'num_batches_per_epoch': 4, 'num_steps': 50}, 'save_freq': 5, 'seed': 42, 'train': {'adam_beta1': 0.9, 'adam_beta2': 0.999, 'adam_epsilon': 1e-08, 'adam_weight_decay': 0.0001, 'adv_clip_max': 5, 'batch_size': 1, 'cfg': True, 'clip_range': 0.0001, 'gradient_accumulation_steps': 1, 'learning_rate': 0.0003, 'max_grad_norm': 1.0, 'num_inner_epochs': 1, 'timestep_fraction': 1.0, 'use_8bit_adam': False}, 'use_lora': True}
2026-04-17 15:26:24,999 INFO    wandb-AsyncioManager-main:33272 [service_client.py:_forward_responses():134] Reached EOF.
2026-04-17 15:26:25,000 INFO    wandb-AsyncioManager-main:33272 [mailbox.py:close():155] Closing mailbox, abandoning 0 handles.
